(?:KLEE: .*?
)+(hello!|goodbye!)
(hello!|goodbye!)

KLEE: done: total instructions = [0-9]+
KLEE: done: completed paths = 3
KLEE: done: generated tests = 3