((.*?|\n)+)warning: missing terminating '"' character \[-Winvalid-pp-token\]
((.*?|\n)+)error: expected expression((.*?|\n)+)expected '}((.*?|\n)+)to match this '{'